<!DOCTYPE html>
<html lang="en">

<head>
    <meta charset="UTF-8">
    <meta name="viewport" content="width=device-width, initial-scale=1.0">
    <meta http-equiv="X-UA-Compatible" content="ie=edge">
    <link rel="stylesheet" href="css/style.css">
    <script src="https://kit.fontawesome.com/34fc356e08.js"></script>
    <title>Golden</title>
</head>

<body>
    <header class="header">
        <div class="container">
            <div class="header__inner">
                <div class="logo__box">
                    <a href="#" class="logo__link">
                        <img src="img/logo/logo.png" alt="logo" class="logo__img image">
                    </a>
                </div>
                <nav class="nav">
                    <ul class="menu">
                        <li class="menu__list"><a href="#" class="menu__link link">home</a></li>
                        <li class="menu__list"><a href="#services" class="menu__link link">services</a></li>
                        <li class="menu__list"><a href="#portfolio" class="menu__link link">portfolio</a></li>
                        <li class="menu__list"><a href="#about" class="menu__link link">about</a></li>
                        <li class="menu__list"><a href="#contact" class="menu__link link">contact</a></li>
                    </ul>
                </nav>
            </div>
            <!--Header__inner-->
            <div class="header__info">
                <p class="header__uptitle">Welcome To Our Studio!</p>
                <h2 class="header__title">It’s nice to Meet you</h2>
                <a href="#" class="header__btn link">tell me more</a>
            </div>
        </div>
        <!--Container-->
    </header>

    <section id="services" class="services">
        <div class="container">
            <div class="section__info">
                <h2 class="section__title">Services</h2>
                <p class="section__subtitle">Lorem ipsum dolor sit amet consectetur.</p>
            </div>
            <div class="services__inner">
                <div class="services__item">
                    <h3 class="item__title"> E-Commerce</h3>
                    <p class="item__text">Lorem ipsum, dolor sit amet consectetur adipisicing elit. Quasi excepturi
                        placeat neque mollitia sapiente temporibus ipsam est earum rerum doloremque.</p>
                    <div class="item__bg bg--1"></div>
                </div>
                <div class="services__item">
                    <h3 class="item__title">Responsive Web</h3>
                    <p class="item__text">Lorem ipsum, dolor sit amet consectetur adipisicing elit. Quasi excepturi
                        placeat neque mollitia sapiente temporibus ipsam est earum rerum doloremque.</p>
                    <div class="item__bg bg--2"></div>
                </div>
                <div class="services__item">
                    <h3 class="item__title">Web security</h3>
                    <p class="item__text">Lorem ipsum, dolor sit amet consectetur adipisicing elit. Quasi excepturi
                        placeat neque mollitia sapiente temporibus ipsam est earum rerum doloremque</p>
                    <div class="item__bg bg--3"></div>
                </div>
            </div>
            <!--Services__inner-->
        </div>
        <!--Container-->
    </section>

    <section id="portfolio" class="portfolio">
        <div class="container">
            <div class="section__info">
                <h2 class="section__title">Our portfolio</h2>
                <p class="section__subtitle">Lorem ipsum dolor sit amet consectetur.</p>
            </div>
            <div class="portfolio__inner">
                <div class="portfolio__item">
                    <img src="img/portfolio/img1.png" alt="pictures" class="portfolio__img image">
                </div>
                <div class="portfolio__item">
                    <img src="img/portfolio/img2.png" alt="pictures" class="portfolio__img image">
                </div>
                <div class="portfolio__item">
                    <img src="img/portfolio/img3.png" alt="pictures" class="portfolio__img image">
                </div>
            </div>
        </div>
    </section>

    <section id="about" class="section about">
        <div class="container">
            <div class="section__info">
                <h2 class="section__title">About us</h2>
                <p class="section__subtitle">Lorem ipsum dolor sit amet consectetur.</p>
            </div>
            <div class="about__inner">
                <div class="about__item">
                    <img src="img/about/about1.jpg" alt="pictures" class="about__img">
                </div>
                <div class="about__item">
                    <img src="img/about/about2.jpg" alt="pictures" class="about__img">
                </div>
                <div class="about__item">
                    <img src="img/about/about3.jpg" alt="pictures" class="about__img">
                </div>
                <div class="about__item">
                    <img src="img/about/about4.jpg" alt="pictures" class="about__img">
                </div>
                <div class="about__item">
                    <h4 class="date__about--item">July 2010</h4>
                    <p class="subtitle__about--item">Our Humble Beginnings</p>
                    <p class="text__about--item">Lorem ipsum dolor sit amet consectetur adipisicing elit. Ex nostrum
                        illo illum mollitia minima, atque fugit ratione reiciendis laborum at corporis neque! Eaque hic
                        ad, in sunt architecto corrupti fuga?</p>

                </div>
                <div class="about__item">
                    <h4 class="date__about--item">January 2011</h4>
                    <p class="subtitle__about--item">Facing Startup Battles</p>
                    <p class="text__about--item">Lorem ipsum dolor sit amet consectetur adipisicing elit. Ex nostrum
                        illo illum mollitia minima, atque fugit ratione reiciendis laborum at corporis neque! Eaque hic
                        ad, in sunt architecto corrupti fuga?</p>

                </div>
                <div class="about__item">
                    <h4 class="date__about--item">December 2012</h4>
                    <p class="subtitle__about--item">Enter The Dark Days</p>
                    <p class="text__about--item">Lorem ipsum dolor sit amet consectetur adipisicing elit. Ex nostrum
                        illo illum mollitia minima, atque fugit ratione reiciendis laborum at corporis neque! Eaque hic
                        ad, in sunt architecto corrupti fuga?</p>

                </div>
                <div class="about__item">
                    <h4 class="date__about--item">february 2014</h4>
                    <p class="subtitle__about--item">Our Triumph</p>
                    <p class="text__about--item">Lorem ipsum dolor sit amet consectetur adipisicing elit. Ex nostrum
                        illo illum mollitia minima, atque fugit ratione reiciendis laborum at corporis neque! Eaque hic
                        ad, in sunt architecto corrupti fuga?</p>
                </div>

            </div>
            <!--about__inner-->
        </div>
        <!--Container-->
    </section>

    <footer class="footer">
        <div class="container">
            <div class="footer__inner">
                <div class="footer__box">
                    <div class="footer__item">
                        <a href="#" class="footer__link link">
                            <i class="fab fa-instagram"></i>
                        </a>
                    </div>
                    <div class="footer__item">
                        <a href="#" class="footer__link link">
                            <i class="fab fa-facebook-f"></i>
                        </a>
                    </div>
                    <div class="footer__item">
                        <a href="#" class="footer__link link">
                            <i class="fab fa-twitter"></i>
                        </a>
                    </div>
                    <div class="footer__item">
                        <a href="#" class="footer__link link">
                            <i class="fab fa-pinterest-p"></i>
                        </a>
                    </div>
                    <div class="footer__item">
                        <a href="#" class="footer__link link">
                            <i class="fab fa-vk"></i>
                        </a>
                    </div>
                    <div class="footer__item">
                        <a href="#" class="footer__link link">
                            <i class="fab fa-google-plus-g"></i>
                        </a>
                    </div>
                </div>

                <div class="footer__box">
                    <div class="footer__info">
                        © Copyright 2014 FreebiesXpress.com
                    </div>
                </div>
            </div>
            <!--footer__inner-->
        </div>
        <!--Container-->
    </footer>

</body>

</html>